[2026-09-21 14:27:44] local.ERROR: could not find driver (SQL: PRAGMA foreign_keys = ON;) {"exception":"[object] (Illuminate\\Database\\QueryException(code: 0): could not find driver (SQL: PRAGMA foreign_keys = ON;) at C:\\Users\\Nicolás Abarca\\Desktop\\asistente-ia-taekwondo\\chatbot-laravel-api-ia-rag\\vendor\\laravel\\framework\\src\\Illuminate\\Database\\Connection.php:712)
[stacktrace]
#0 C:\\Users\\Nicolás Abarca\\Desktop\\asistente-ia-taekwondo\\chatbot-laravel-api-ia-rag\\vendor\\laravel\\framework\\src\\Illuminate\\Database\\Connection.php(672): Illuminate\\Database\\Connection->runQueryCallback('PRAGMA foreign_...', Array, Object(Closure))
#1 C:\\Users\\Nicolás Abarca\\Desktop\\asistente-ia-taekwondo\\chatbot-laravel-api-ia-rag\\vendor\\laravel\\framework\\src\\Illuminate\\Database\\Connection.php(502): Illuminate\\Database\\Connection->run('PRAGMA foreign_...', Array, Object(Closure))
#2 C:\\Users\\Nicolás Abarca\\Desktop\\asistente-ia-taekwondo\\chatbot-laravel-api-ia-rag\\vendor\\laravel\\framework\\src\\Illuminate\\Database\\Schema\\Builder.php(340): Illuminate\\Database\\Connection->statement('PRAGMA foreign_...')
#3 C:\\Users\\Nicolás Abarca\\Desktop\\asistente-ia-taekwondo\\chatbot-laravel-api-ia-rag\\vendor\\laravel\\framework\\src\\Illuminate\\Database\\SQLiteConnection.php(37): Illuminate\\Database\\Schema\\Builder->enableForeignKeyConstraints()
#4 C:\\Users\\Nicolás Abarca\\Desktop\\asistente-ia-taekwondo\\chatbot-laravel-api-ia-rag\\vendor\\laravel\\framework\\src\\Illuminate\\Database\\Connectors\\ConnectionFactory.php(282): Illuminate\\Database\\SQLiteConnection->__construct(Object(Closure), '', '', Array)
#5 C:\\Users\\Nicolás Abarca\\Desktop\\asistente-ia-taekwondo\\chatbot-laravel-api-ia-rag\\vendor\\laravel\\framework\\src\\Illuminate\\Database\\Connectors\\ConnectionFactory.php(76): Illuminate\\Database\\Connectors\\ConnectionFactory->createConnection('sqlite', Object(Closure), '', '', Array)
#6 C:\\Users\\Nicolás Abarca\\Desktop\\asistente-ia-taekwondo\\chatbot-laravel-api-ia-rag\\vendor\\laravel\\framework\\src\\Illuminate\\Database\\Connectors\\ConnectionFactory.php(50): Illuminate\\Database\\Connectors\\ConnectionFactory->createSingleConnection(Array)
#7 C:\\Users\\Nicolás Abarca\\Desktop\\asistente-ia-taekwondo\\chatbot-laravel-api-ia-rag\\vendor\\laravel\\framework\\src\\Illuminate\\Database\\DatabaseManager.php(140): Illuminate\\Database\\Connectors\\ConnectionFactory->make(Array, 'sqlite')
#8 C:\\Users\\Nicolás Abarca\\Desktop\\asistente-ia-taekwondo\\chatbot-laravel-api-ia-rag\\vendor\\laravel\\framework\\src\\Illuminate\\Database\\DatabaseManager.php(95): Illuminate\\Database\\DatabaseManager->makeConnection('sqlite')
#9 C:\\Users\\Nicolás Abarca\\Desktop\\asistente-ia-taekwondo\\chatbot-laravel-api-ia-rag\\vendor\\laravel\\framework\\src\\Illuminate\\Database\\Migrations\\DatabaseMigrationRepository.php(211): Illuminate\\Database\\DatabaseManager->connection('sqlite')
#10 C:\\Users\\Nicolás Abarca\\Desktop\\asistente-ia-taekwondo\\chatbot-laravel-api-ia-rag\\vendor\\laravel\\framework\\src\\Illuminate\\Database\\Migrations\\DatabaseMigrationRepository.php(167): Illuminate\\Database\\Migrations\\DatabaseMigrationRepository->getConnection()
#11 C:\\Users\\Nicolás Abarca\\Desktop\\asistente-ia-taekwondo\\chatbot-laravel-api-ia-rag\\vendor\\laravel\\framework\\src\\Illuminate\\Database\\Migrations\\Migrator.php(673): Illuminate\\Database\\Migrations\\DatabaseMigrationRepository->repositoryExists()
#12 C:\\Users\\Nicolás Abarca\\Desktop\\asistente-ia-taekwondo\\chatbot-laravel-api-ia-rag\\vendor\\laravel\\framework\\src\\Illuminate\\Database\\Console\\Migrations\\MigrateCommand.php(110): Illuminate\\Database\\Migrations\\Migrator->repositoryExists()
#13 C:\\Users\\Nicolás Abarca\\Desktop\\asistente-ia-taekwondo\\chatbot-laravel-api-ia-rag\\vendor\\laravel\\framework\\src\\Illuminate\\Database\\Console\\Migrations\\MigrateCommand.php(78): Illuminate\\Database\\Console\\Migrations\\MigrateCommand->prepareDatabase()
#14 C:\\Users\\Nicolás Abarca\\Desktop\\asistente-ia-taekwondo\\chatbot-laravel-api-ia-rag\\vendor\\laravel\\framework\\src\\Illuminate\\Database\\Migrations\\Migrator.php(606): Illuminate\\Database\\Console\\Migrations\\MigrateCommand->Illuminate\\Database\\Console\\Migrations\\{closure}()
#15 C:\\Users\\Nicolás Abarca\\Desktop\\asistente-ia-taekwondo\\chatbot-laravel-api-ia-rag\\vendor\\laravel\\framework\\src\\Illuminate\\Database\\Console\\Migrations\\MigrateCommand.php(98): Illuminate\\Database\\Migrations\\Migrator->usingConnection(NULL, Object(Closure))
#16 C:\\Users\\Nicolás Abarca\\Desktop\\asistente-ia-taekwondo\\chatbot-laravel-api-ia-rag\\vendor\\laravel\\framework\\src\\Illuminate\\Container\\BoundMethod.php(36): Illuminate\\Database\\Console\\Migrations\\MigrateCommand->handle()
#17 C:\\Users\\Nicolás Abarca\\Desktop\\asistente-ia-taekwondo\\chatbot-laravel-api-ia-rag\\vendor\\laravel\\framework\\src\\Illuminate\\Container\\Util.php(40): Illuminate\\Container\\BoundMethod::Illuminate\\Container\\{closure}()
#18 C:\\Users\\Nicolás Abarca\\Desktop\\asistente-ia-taekwondo\\chatbot-laravel-api-ia-rag\\vendor\\laravel\\framework\\src\\Illuminate\\Container\\BoundMethod.php(93): Illuminate\\Container\\Util::unwrapIfClosure(Object(Closure))
#19 C:\\Users\\Nicolás Abarca\\Desktop\\asistente-ia-taekwondo\\chatbot-laravel-api-ia-rag\\vendor\\laravel\\framework\\src\\Illuminate\\Container\\BoundMethod.php(37): Illuminate\\Container\\BoundMethod::callBoundMethod(Object(Illuminate\\Foundation\\Application), Array, Object(Closure))
#20 C:\\Users\\Nicolás Abarca\\Desktop\\asistente-ia-taekwondo\\chatbot-laravel-api-ia-rag\\vendor\\laravel\\framework\\src\\Illuminate\\Container\\Container.php(653): Illuminate\\Container\\BoundMethod::call(Object(Illuminate\\Foundation\\Application), Array, Array, NULL)
#21 C:\\Users\\Nicolás Abarca\\Desktop\\asistente-ia-taekwondo\\chatbot-laravel-api-ia-rag\\vendor\\laravel\\framework\\src\\Illuminate\\Console\\Command.php(136): Illuminate\\Container\\Container->call(Array)
#22 C:\\Users\\Nicolás Abarca\\Desktop\\asistente-ia-taekwondo\\chatbot-laravel-api-ia-rag\\vendor\\symfony\\console\\Command\\Command.php(298): Illuminate\\Console\\Command->execute(Object(Symfony\\Component\\Console\\Input\\ArgvInput), Object(Illuminate\\Console\\OutputStyle))
#23 C:\\Users\\Nicolás Abarca\\Desktop\\asistente-ia-taekwondo\\chatbot-laravel-api-ia-rag\\vendor\\laravel\\framework\\src\\Illuminate\\Console\\Command.php(121): Symfony\\Component\\Console\\Command\\Command->run(Object(Symfony\\Component\\Console\\Input\\ArgvInput), Object(Illuminate\\Console\\OutputStyle))
#24 C:\\Users\\Nicolás Abarca\\Desktop\\asistente-ia-taekwondo\\chatbot-laravel-api-ia-rag\\vendor\\symfony\\console\\Application.php(1040): Illuminate\\Console\\Command->run(Object(Symfony\\Component\\Console\\Input\\ArgvInput), Object(Symfony\\Component\\Console\\Output\\ConsoleOutput))
#25 C:\\Users\\Nicolás Abarca\\Desktop\\asistente-ia-taekwondo\\chatbot-laravel-api-ia-rag\\vendor\\symfony\\console\\Application.php(301): Symfony\\Component\\Console\\Application->doRunCommand(Object(Illuminate\\Database\\Console\\Migrations\\MigrateCommand), Object(Symfony\\Component\\Console\\Input\\ArgvInput), Object(Symfony\\Component\\Console\\Output\\ConsoleOutput))
#26 C:\\Users\\Nicolás Abarca\\Desktop\\asistente-ia-taekwondo\\chatbot-laravel-api-ia-rag\\vendor\\symfony\\console\\Application.php(171): Symfony\\Component\\Console\\Application->doRun(Object(Symfony\\Component\\Console\\Input\\ArgvInput), Object(Symfony\\Component\\Console\\Output\\ConsoleOutput))
#27 C:\\Users\\Nicolás Abarca\\Desktop\\asistente-ia-taekwondo\\chatbot-laravel-api-ia-rag\\vendor\\laravel\\framework\\src\\Illuminate\\Console\\Application.php(94): Symfony\\Component\\Console\\Application->run(Object(Symfony\\Component\\Console\\Input\\ArgvInput), Object(Symfony\\Component\\Console\\Output\\ConsoleOutput))
#28 C:\\Users\\Nicolás Abarca\\Desktop\\asistente-ia-taekwondo\\chatbot-laravel-api-ia-rag\\vendor\\laravel\\framework\\src\\Illuminate\\Foundation\\Console\\Kernel.php(129): Illuminate\\Console\\Application->run(Object(Symfony\\Component\\Console\\Input\\ArgvInput), Object(Symfony\\Component\\Console\\Output\\ConsoleOutput))
#29 C:\\Users\\Nicolás Abarca\\Desktop\\asistente-ia-taekwondo\\chatbot-laravel-api-ia-rag\\artisan(37): Illuminate\\Foundation\\Console\\Kernel->handle(Object(Symfony\\Component\\Console\\Input\\ArgvInput), Object(Symfony\\Component\\Console\\Output\\ConsoleOutput))
#30 {main}

[previous exception] [object] (PDOException(code: 0): could not find driver at C:\\Users\\Nicolás Abarca\\Desktop\\asistente-ia-taekwondo\\chatbot-laravel-api-ia-rag\\vendor\\laravel\\framework\\src\\Illuminate\\Database\\Connectors\\Connector.php:70)
[stacktrace]
#0 C:\\Users\\Nicolás Abarca\\Desktop\\asistente-ia-taekwondo\\chatbot-laravel-api-ia-rag\\vendor\\laravel\\framework\\src\\Illuminate\\Database\\Connectors\\Connector.php(70): PDO->__construct('sqlite:C:\\\\Users...', NULL, NULL, Array)
#1 C:\\Users\\Nicolás Abarca\\Desktop\\asistente-ia-taekwondo\\chatbot-laravel-api-ia-rag\\vendor\\laravel\\framework\\src\\Illuminate\\Database\\Connectors\\Connector.php(46): Illuminate\\Database\\Connectors\\Connector->createPdoConnection('sqlite:C:\\\\Users...', NULL, NULL, Array)
#2 C:\\Users\\Nicolás Abarca\\Desktop\\asistente-ia-taekwondo\\chatbot-laravel-api-ia-rag\\vendor\\laravel\\framework\\src\\Illuminate\\Database\\Connectors\\SQLiteConnector.php(37): Illuminate\\Database\\Connectors\\Connector->createConnection('sqlite:C:\\\\Users...', Array, Array)
#3 C:\\Users\\Nicolás Abarca\\Desktop\\asistente-ia-taekwondo\\chatbot-laravel-api-ia-rag\\vendor\\laravel\\framework\\src\\Illuminate\\Database\\Connectors\\ConnectionFactory.php(222): Illuminate\\Database\\Connectors\\SQLiteConnector->connect(Array)
#4 [internal function]: Illuminate\\Database\\Connectors\\ConnectionFactory->Illuminate\\Database\\Connectors\\{closure}()
#5 C:\\Users\\Nicolás Abarca\\Desktop\\asistente-ia-taekwondo\\chatbot-laravel-api-ia-rag\\vendor\\laravel\\framework\\src\\Illuminate\\Database\\Connection.php(1064): call_user_func(Object(Closure))
#6 C:\\Users\\Nicolás Abarca\\Desktop\\asistente-ia-taekwondo\\chatbot-laravel-api-ia-rag\\vendor\\laravel\\framework\\src\\Illuminate\\Database\\Connection.php(495): Illuminate\\Database\\Connection->getPdo()
#7 C:\\Users\\Nicolás Abarca\\Desktop\\asistente-ia-taekwondo\\chatbot-laravel-api-ia-rag\\vendor\\laravel\\framework\\src\\Illuminate\\Database\\Connection.php(705): Illuminate\\Database\\Connection->Illuminate\\Database\\{closure}('PRAGMA foreign_...', Array)
#8 C:\\Users\\Nicolás Abarca\\Desktop\\asistente-ia-taekwondo\\chatbot-laravel-api-ia-rag\\vendor\\laravel\\framework\\src\\Illuminate\\Database\\Connection.php(672): Illuminate\\Database\\Connection->runQueryCallback('PRAGMA foreign_...', Array, Object(Closure))
#9 C:\\Users\\Nicolás Abarca\\Desktop\\asistente-ia-taekwondo\\chatbot-laravel-api-ia-rag\\vendor\\laravel\\framework\\src\\Illuminate\\Database\\Connection.php(502): Illuminate\\Database\\Connection->run('PRAGMA foreign_...', Array, Object(Closure))
#10 C:\\Users\\Nicolás Abarca\\Desktop\\asistente-ia-taekwondo\\chatbot-laravel-api-ia-rag\\vendor\\laravel\\framework\\src\\Illuminate\\Database\\Schema\\Builder.php(340): Illuminate\\Database\\Connection->statement('PRAGMA foreign_...')
#11 C:\\Users\\Nicolás Abarca\\Desktop\\asistente-ia-taekwondo\\chatbot-laravel-api-ia-rag\\vendor\\laravel\\framework\\src\\Illuminate\\Database\\SQLiteConnection.php(37): Illuminate\\Database\\Schema\\Builder->enableForeignKeyConstraints()
#12 C:\\Users\\Nicolás Abarca\\Desktop\\asistente-ia-taekwondo\\chatbot-laravel-api-ia-rag\\vendor\\laravel\\framework\\src\\Illuminate\\Database\\Connectors\\ConnectionFactory.php(282): Illuminate\\Database\\SQLiteConnection->__construct(Object(Closure), '', '', Array)
#13 C:\\Users\\Nicolás Abarca\\Desktop\\asistente-ia-taekwondo\\chatbot-laravel-api-ia-rag\\vendor\\laravel\\framework\\src\\Illuminate\\Database\\Connectors\\ConnectionFactory.php(76): Illuminate\\Database\\Connectors\\ConnectionFactory->createConnection('sqlite', Object(Closure), '', '', Array)
#14 C:\\Users\\Nicolás Abarca\\Desktop\\asistente-ia-taekwondo\\chatbot-laravel-api-ia-rag\\vendor\\laravel\\framework\\src\\Illuminate\\Database\\Connectors\\ConnectionFactory.php(50): Illuminate\\Database\\Connectors\\ConnectionFactory->createSingleConnection(Array)
#15 C:\\Users\\Nicolás Abarca\\Desktop\\asistente-ia-taekwondo\\chatbot-laravel-api-ia-rag\\vendor\\laravel\\framework\\src\\Illuminate\\Database\\DatabaseManager.php(140): Illuminate\\Database\\Connectors\\ConnectionFactory->make(Array, 'sqlite')
#16 C:\\Users\\Nicolás Abarca\\Desktop\\asistente-ia-taekwondo\\chatbot-laravel-api-ia-rag\\vendor\\laravel\\framework\\src\\Illuminate\\Database\\DatabaseManager.php(95): Illuminate\\Database\\DatabaseManager->makeConnection('sqlite')
#17 C:\\Users\\Nicolás Abarca\\Desktop\\asistente-ia-taekwondo\\chatbot-laravel-api-ia-rag\\vendor\\laravel\\framework\\src\\Illuminate\\Database\\Migrations\\DatabaseMigrationRepository.php(211): Illuminate\\Database\\DatabaseManager->connection('sqlite')
#18 C:\\Users\\Nicolás Abarca\\Desktop\\asistente-ia-taekwondo\\chatbot-laravel-api-ia-rag\\vendor\\laravel\\framework\\src\\Illuminate\\Database\\Migrations\\DatabaseMigrationRepository.php(167): Illuminate\\Database\\Migrations\\DatabaseMigrationRepository->getConnection()
#19 C:\\Users\\Nicolás Abarca\\Desktop\\asistente-ia-taekwondo\\chatbot-laravel-api-ia-rag\\vendor\\laravel\\framework\\src\\Illuminate\\Database\\Migrations\\Migrator.php(673): Illuminate\\Database\\Migrations\\DatabaseMigrationRepository->repositoryExists()
#20 C:\\Users\\Nicolás Abarca\\Desktop\\asistente-ia-taekwondo\\chatbot-laravel-api-ia-rag\\vendor\\laravel\\framework\\src\\Illuminate\\Database\\Console\\Migrations\\MigrateCommand.php(110): Illuminate\\Database\\Migrations\\Migrator->repositoryExists()
#21 C:\\Users\\Nicolás Abarca\\Desktop\\asistente-ia-taekwondo\\chatbot-laravel-api-ia-rag\\vendor\\laravel\\framework\\src\\Illuminate\\Database\\Console\\Migrations\\MigrateCommand.php(78): Illuminate\\Database\\Console\\Migrations\\MigrateCommand->prepareDatabase()
#22 C:\\Users\\Nicolás Abarca\\Desktop\\asistente-ia-taekwondo\\chatbot-laravel-api-ia-rag\\vendor\\laravel\\framework\\src\\Illuminate\\Database\\Migrations\\Migrator.php(606): Illuminate\\Database\\Console\\Migrations\\MigrateCommand->Illuminate\\Database\\Console\\Migrations\\{closure}()
#23 C:\\Users\\Nicolás Abarca\\Desktop\\asistente-ia-taekwondo\\chatbot-laravel-api-ia-rag\\vendor\\laravel\\framework\\src\\Illuminate\\Database\\Console\\Migrations\\MigrateCommand.php(98): Illuminate\\Database\\Migrations\\Migrator->usingConnection(NULL, Object(Closure))
#24 C:\\Users\\Nicolás Abarca\\Desktop\\asistente-ia-taekwondo\\chatbot-laravel-api-ia-rag\\vendor\\laravel\\framework\\src\\Illuminate\\Container\\BoundMethod.php(36): Illuminate\\Database\\Console\\Migrations\\MigrateCommand->handle()
#25 C:\\Users\\Nicolás Abarca\\Desktop\\asistente-ia-taekwondo\\chatbot-laravel-api-ia-rag\\vendor\\laravel\\framework\\src\\Illuminate\\Container\\Util.php(40): Illuminate\\Container\\BoundMethod::Illuminate\\Container\\{closure}()
#26 C:\\Users\\Nicolás Abarca\\Desktop\\asistente-ia-taekwondo\\chatbot-laravel-api-ia-rag\\vendor\\laravel\\framework\\src\\Illuminate\\Container\\BoundMethod.php(93): Illuminate\\Container\\Util::unwrapIfClosure(Object(Closure))
#27 C:\\Users\\Nicolás Abarca\\Desktop\\asistente-ia-taekwondo\\chatbot-laravel-api-ia-rag\\vendor\\laravel\\framework\\src\\Illuminate\\Container\\BoundMethod.php(37): Illuminate\\Container\\BoundMethod::callBoundMethod(Object(Illuminate\\Foundation\\Application), Array, Object(Closure))
#28 C:\\Users\\Nicolás Abarca\\Desktop\\asistente-ia-taekwondo\\chatbot-laravel-api-ia-rag\\vendor\\laravel\\framework\\src\\Illuminate\\Container\\Container.php(653): Illuminate\\Container\\BoundMethod::call(Object(Illuminate\\Foundation\\Application), Array, Array, NULL)
#29 C:\\Users\\Nicolás Abarca\\Desktop\\asistente-ia-taekwondo\\chatbot-laravel-api-ia-rag\\vendor\\laravel\\framework\\src\\Illuminate\\Console\\Command.php(136): Illuminate\\Container\\Container->call(Array)
#30 C:\\Users\\Nicolás Abarca\\Desktop\\asistente-ia-taekwondo\\chatbot-laravel-api-ia-rag\\vendor\\symfony\\console\\Command\\Command.php(298): Illuminate\\Console\\Command->execute(Object(Symfony\\Component\\Console\\Input\\ArgvInput), Object(Illuminate\\Console\\OutputStyle))
#31 C:\\Users\\Nicolás Abarca\\Desktop\\asistente-ia-taekwondo\\chatbot-laravel-api-ia-rag\\vendor\\laravel\\framework\\src\\Illuminate\\Console\\Command.php(121): Symfony\\Component\\Console\\Command\\Command->run(Object(Symfony\\Component\\Console\\Input\\ArgvInput), Object(Illuminate\\Console\\OutputStyle))
#32 C:\\Users\\Nicolás Abarca\\Desktop\\asistente-ia-taekwondo\\chatbot-laravel-api-ia-rag\\vendor\\symfony\\console\\Application.php(1040): Illuminate\\Console\\Command->run(Object(Symfony\\Component\\Console\\Input\\ArgvInput), Object(Symfony\\Component\\Console\\Output\\ConsoleOutput))
#33 C:\\Users\\Nicolás Abarca\\Desktop\\asistente-ia-taekwondo\\chatbot-laravel-api-ia-rag\\vendor\\symfony\\console\\Application.php(301): Symfony\\Component\\Console\\Application->doRunCommand(Object(Illuminate\\Database\\Console\\Migrations\\MigrateCommand), Object(Symfony\\Component\\Console\\Input\\ArgvInput), Object(Symfony\\Component\\Console\\Output\\ConsoleOutput))
#34 C:\\Users\\Nicolás Abarca\\Desktop\\asistente-ia-taekwondo\\chatbot-laravel-api-ia-rag\\vendor\\symfony\\console\\Application.php(171): Symfony\\Component\\Console\\Application->doRun(Object(Symfony\\Component\\Console\\Input\\ArgvInput), Object(Symfony\\Component\\Console\\Output\\ConsoleOutput))
#35 C:\\Users\\Nicolás Abarca\\Desktop\\asistente-ia-taekwondo\\chatbot-laravel-api-ia-rag\\vendor\\laravel\\framework\\src\\Illuminate\\Console\\Application.php(94): Symfony\\Component\\Console\\Application->run(Object(Symfony\\Component\\Console\\Input\\ArgvInput), Object(Symfony\\Component\\Console\\Output\\ConsoleOutput))
#36 C:\\Users\\Nicolás Abarca\\Desktop\\asistente-ia-taekwondo\\chatbot-laravel-api-ia-rag\\vendor\\laravel\\framework\\src\\Illuminate\\Foundation\\Console\\Kernel.php(129): Illuminate\\Console\\Application->run(Object(Symfony\\Component\\Console\\Input\\ArgvInput), Object(Symfony\\Component\\Console\\Output\\ConsoleOutput))
#37 C:\\Users\\Nicolás Abarca\\Desktop\\asistente-ia-taekwondo\\chatbot-laravel-api-ia-rag\\artisan(37): Illuminate\\Foundation\\Console\\Kernel->handle(Object(Symfony\\Component\\Console\\Input\\ArgvInput), Object(Symfony\\Component\\Console\\Output\\ConsoleOutput))
#38 {main}
"} 
[2026-09-21 14:28:26] local.ERROR: SQLSTATE[HY000] [14] unable to open database file (SQL: PRAGMA foreign_keys = ON;) {"exception":"[object] (Illuminate\\Database\\QueryException(code: 14): SQLSTATE[HY000] [14] unable to open database file (SQL: PRAGMA foreign_keys = ON;) at C:\\Users\\Nicolás Abarca\\Desktop\\asistente-ia-taekwondo\\chatbot-laravel-api-ia-rag\\vendor\\laravel\\framework\\src\\Illuminate\\Database\\Connection.php:712)
[stacktrace]
#0 C:\\Users\\Nicolás Abarca\\Desktop\\asistente-ia-taekwondo\\chatbot-laravel-api-ia-rag\\vendor\\laravel\\framework\\src\\Illuminate\\Database\\Connection.php(672): Illuminate\\Database\\Connection->runQueryCallback('PRAGMA foreign_...', Array, Object(Closure))
#1 C:\\Users\\Nicolás Abarca\\Desktop\\asistente-ia-taekwondo\\chatbot-laravel-api-ia-rag\\vendor\\laravel\\framework\\src\\Illuminate\\Database\\Connection.php(502): Illuminate\\Database\\Connection->run('PRAGMA foreign_...', Array, Object(Closure))
#2 C:\\Users\\Nicolás Abarca\\Desktop\\asistente-ia-taekwondo\\chatbot-laravel-api-ia-rag\\vendor\\laravel\\framework\\src\\Illuminate\\Database\\Schema\\Builder.php(340): Illuminate\\Database\\Connection->statement('PRAGMA foreign_...')
#3 C:\\Users\\Nicolás Abarca\\Desktop\\asistente-ia-taekwondo\\chatbot-laravel-api-ia-rag\\vendor\\laravel\\framework\\src\\Illuminate\\Database\\SQLiteConnection.php(37): Illuminate\\Database\\Schema\\Builder->enableForeignKeyConstraints()
#4 C:\\Users\\Nicolás Abarca\\Desktop\\asistente-ia-taekwondo\\chatbot-laravel-api-ia-rag\\vendor\\laravel\\framework\\src\\Illuminate\\Database\\Connectors\\ConnectionFactory.php(282): Illuminate\\Database\\SQLiteConnection->__construct(Object(Closure), '', '', Array)
#5 C:\\Users\\Nicolás Abarca\\Desktop\\asistente-ia-taekwondo\\chatbot-laravel-api-ia-rag\\vendor\\laravel\\framework\\src\\Illuminate\\Database\\Connectors\\ConnectionFactory.php(76): Illuminate\\Database\\Connectors\\ConnectionFactory->createConnection('sqlite', Object(Closure), '', '', Array)
#6 C:\\Users\\Nicolás Abarca\\Desktop\\asistente-ia-taekwondo\\chatbot-laravel-api-ia-rag\\vendor\\laravel\\framework\\src\\Illuminate\\Database\\Connectors\\ConnectionFactory.php(50): Illuminate\\Database\\Connectors\\ConnectionFactory->createSingleConnection(Array)
#7 C:\\Users\\Nicolás Abarca\\Desktop\\asistente-ia-taekwondo\\chatbot-laravel-api-ia-rag\\vendor\\laravel\\framework\\src\\Illuminate\\Database\\DatabaseManager.php(140): Illuminate\\Database\\Connectors\\ConnectionFactory->make(Array, 'sqlite')
#8 C:\\Users\\Nicolás Abarca\\Desktop\\asistente-ia-taekwondo\\chatbot-laravel-api-ia-rag\\vendor\\laravel\\framework\\src\\Illuminate\\Database\\DatabaseManager.php(95): Illuminate\\Database\\DatabaseManager->makeConnection('sqlite')
#9 C:\\Users\\Nicolás Abarca\\Desktop\\asistente-ia-taekwondo\\chatbot-laravel-api-ia-rag\\vendor\\laravel\\framework\\src\\Illuminate\\Database\\Migrations\\DatabaseMigrationRepository.php(211): Illuminate\\Database\\DatabaseManager->connection('sqlite')
#10 C:\\Users\\Nicolás Abarca\\Desktop\\asistente-ia-taekwondo\\chatbot-laravel-api-ia-rag\\vendor\\laravel\\framework\\src\\Illuminate\\Database\\Migrations\\DatabaseMigrationRepository.php(167): Illuminate\\Database\\Migrations\\DatabaseMigrationRepository->getConnection()
#11 C:\\Users\\Nicolás Abarca\\Desktop\\asistente-ia-taekwondo\\chatbot-laravel-api-ia-rag\\vendor\\laravel\\framework\\src\\Illuminate\\Database\\Migrations\\Migrator.php(673): Illuminate\\Database\\Migrations\\DatabaseMigrationRepository->repositoryExists()
#12 C:\\Users\\Nicolás Abarca\\Desktop\\asistente-ia-taekwondo\\chatbot-laravel-api-ia-rag\\vendor\\laravel\\framework\\src\\Illuminate\\Database\\Console\\Migrations\\MigrateCommand.php(110): Illuminate\\Database\\Migrations\\Migrator->repositoryExists()
#13 C:\\Users\\Nicolás Abarca\\Desktop\\asistente-ia-taekwondo\\chatbot-laravel-api-ia-rag\\vendor\\laravel\\framework\\src\\Illuminate\\Database\\Console\\Migrations\\MigrateCommand.php(78): Illuminate\\Database\\Console\\Migrations\\MigrateCommand->prepareDatabase()
#14 C:\\Users\\Nicolás Abarca\\Desktop\\asistente-ia-taekwondo\\chatbot-laravel-api-ia-rag\\vendor\\laravel\\framework\\src\\Illuminate\\Database\\Migrations\\Migrator.php(606): Illuminate\\Database\\Console\\Migrations\\MigrateCommand->Illuminate\\Database\\Console\\Migrations\\{closure}()
#15 C:\\Users\\Nicolás Abarca\\Desktop\\asistente-ia-taekwondo\\chatbot-laravel-api-ia-rag\\vendor\\laravel\\framework\\src\\Illuminate\\Database\\Console\\Migrations\\MigrateCommand.php(98): Illuminate\\Database\\Migrations\\Migrator->usingConnection(NULL, Object(Closure))
#16 C:\\Users\\Nicolás Abarca\\Desktop\\asistente-ia-taekwondo\\chatbot-laravel-api-ia-rag\\vendor\\laravel\\framework\\src\\Illuminate\\Container\\BoundMethod.php(36): Illuminate\\Database\\Console\\Migrations\\MigrateCommand->handle()
#17 C:\\Users\\Nicolás Abarca\\Desktop\\asistente-ia-taekwondo\\chatbot-laravel-api-ia-rag\\vendor\\laravel\\framework\\src\\Illuminate\\Container\\Util.php(40): Illuminate\\Container\\BoundMethod::Illuminate\\Container\\{closure}()
#18 C:\\Users\\Nicolás Abarca\\Desktop\\asistente-ia-taekwondo\\chatbot-laravel-api-ia-rag\\vendor\\laravel\\framework\\src\\Illuminate\\Container\\BoundMethod.php(93): Illuminate\\Container\\Util::unwrapIfClosure(Object(Closure))
#19 C:\\Users\\Nicolás Abarca\\Desktop\\asistente-ia-taekwondo\\chatbot-laravel-api-ia-rag\\vendor\\laravel\\framework\\src\\Illuminate\\Container\\BoundMethod.php(37): Illuminate\\Container\\BoundMethod::callBoundMethod(Object(Illuminate\\Foundation\\Application), Array, Object(Closure))
#20 C:\\Users\\Nicolás Abarca\\Desktop\\asistente-ia-taekwondo\\chatbot-laravel-api-ia-rag\\vendor\\laravel\\framework\\src\\Illuminate\\Container\\Container.php(653): Illuminate\\Container\\BoundMethod::call(Object(Illuminate\\Foundation\\Application), Array, Array, NULL)
#21 C:\\Users\\Nicolás Abarca\\Desktop\\asistente-ia-taekwondo\\chatbot-laravel-api-ia-rag\\vendor\\laravel\\framework\\src\\Illuminate\\Console\\Command.php(136): Illuminate\\Container\\Container->call(Array)
#22 C:\\Users\\Nicolás Abarca\\Desktop\\asistente-ia-taekwondo\\chatbot-laravel-api-ia-rag\\vendor\\symfony\\console\\Command\\Command.php(298): Illuminate\\Console\\Command->execute(Object(Symfony\\Component\\Console\\Input\\ArgvInput), Object(Illuminate\\Console\\OutputStyle))
#23 C:\\Users\\Nicolás Abarca\\Desktop\\asistente-ia-taekwondo\\chatbot-laravel-api-ia-rag\\vendor\\laravel\\framework\\src\\Illuminate\\Console\\Command.php(121): Symfony\\Component\\Console\\Command\\Command->run(Object(Symfony\\Component\\Console\\Input\\ArgvInput), Object(Illuminate\\Console\\OutputStyle))
#24 C:\\Users\\Nicolás Abarca\\Desktop\\asistente-ia-taekwondo\\chatbot-laravel-api-ia-rag\\vendor\\symfony\\console\\Application.php(1040): Illuminate\\Console\\Command->run(Object(Symfony\\Component\\Console\\Input\\ArgvInput), Object(Symfony\\Component\\Console\\Output\\ConsoleOutput))
#25 C:\\Users\\Nicolás Abarca\\Desktop\\asistente-ia-taekwondo\\chatbot-laravel-api-ia-rag\\vendor\\symfony\\console\\Application.php(301): Symfony\\Component\\Console\\Application->doRunCommand(Object(Illuminate\\Database\\Console\\Migrations\\MigrateCommand), Object(Symfony\\Component\\Console\\Input\\ArgvInput), Object(Symfony\\Component\\Console\\Output\\ConsoleOutput))
#26 C:\\Users\\Nicolás Abarca\\Desktop\\asistente-ia-taekwondo\\chatbot-laravel-api-ia-rag\\vendor\\symfony\\console\\Application.php(171): Symfony\\Component\\Console\\Application->doRun(Object(Symfony\\Component\\Console\\Input\\ArgvInput), Object(Symfony\\Component\\Console\\Output\\ConsoleOutput))
#27 C:\\Users\\Nicolás Abarca\\Desktop\\asistente-ia-taekwondo\\chatbot-laravel-api-ia-rag\\vendor\\laravel\\framework\\src\\Illuminate\\Console\\Application.php(94): Symfony\\Component\\Console\\Application->run(Object(Symfony\\Component\\Console\\Input\\ArgvInput), Object(Symfony\\Component\\Console\\Output\\ConsoleOutput))
#28 C:\\Users\\Nicolás Abarca\\Desktop\\asistente-ia-taekwondo\\chatbot-laravel-api-ia-rag\\vendor\\laravel\\framework\\src\\Illuminate\\Foundation\\Console\\Kernel.php(129): Illuminate\\Console\\Application->run(Object(Symfony\\Component\\Console\\Input\\ArgvInput), Object(Symfony\\Component\\Console\\Output\\ConsoleOutput))
#29 C:\\Users\\Nicolás Abarca\\Desktop\\asistente-ia-taekwondo\\chatbot-laravel-api-ia-rag\\artisan(37): Illuminate\\Foundation\\Console\\Kernel->handle(Object(Symfony\\Component\\Console\\Input\\ArgvInput), Object(Symfony\\Component\\Console\\Output\\ConsoleOutput))
#30 {main}

[previous exception] [object] (PDOException(code: 14): SQLSTATE[HY000] [14] unable to open database file at C:\\Users\\Nicolás Abarca\\Desktop\\asistente-ia-taekwondo\\chatbot-laravel-api-ia-rag\\vendor\\laravel\\framework\\src\\Illuminate\\Database\\Connectors\\Connector.php:70)
[stacktrace]
#0 C:\\Users\\Nicolás Abarca\\Desktop\\asistente-ia-taekwondo\\chatbot-laravel-api-ia-rag\\vendor\\laravel\\framework\\src\\Illuminate\\Database\\Connectors\\Connector.php(70): PDO->__construct('sqlite:C:\\\\Users...', NULL, NULL, Array)
#1 C:\\Users\\Nicolás Abarca\\Desktop\\asistente-ia-taekwondo\\chatbot-laravel-api-ia-rag\\vendor\\laravel\\framework\\src\\Illuminate\\Database\\Connectors\\Connector.php(46): Illuminate\\Database\\Connectors\\Connector->createPdoConnection('sqlite:C:\\\\Users...', NULL, NULL, Array)
#2 C:\\Users\\Nicolás Abarca\\Desktop\\asistente-ia-taekwondo\\chatbot-laravel-api-ia-rag\\vendor\\laravel\\framework\\src\\Illuminate\\Database\\Connectors\\SQLiteConnector.php(37): Illuminate\\Database\\Connectors\\Connector->createConnection('sqlite:C:\\\\Users...', Array, Array)
#3 C:\\Users\\Nicolás Abarca\\Desktop\\asistente-ia-taekwondo\\chatbot-laravel-api-ia-rag\\vendor\\laravel\\framework\\src\\Illuminate\\Database\\Connectors\\ConnectionFactory.php(222): Illuminate\\Database\\Connectors\\SQLiteConnector->connect(Array)
#4 [internal function]: Illuminate\\Database\\Connectors\\ConnectionFactory->Illuminate\\Database\\Connectors\\{closure}()
#5 C:\\Users\\Nicolás Abarca\\Desktop\\asistente-ia-taekwondo\\chatbot-laravel-api-ia-rag\\vendor\\laravel\\framework\\src\\Illuminate\\Database\\Connection.php(1064): call_user_func(Object(Closure))
#6 C:\\Users\\Nicolás Abarca\\Desktop\\asistente-ia-taekwondo\\chatbot-laravel-api-ia-rag\\vendor\\laravel\\framework\\src\\Illuminate\\Database\\Connection.php(495): Illuminate\\Database\\Connection->getPdo()
#7 C:\\Users\\Nicolás Abarca\\Desktop\\asistente-ia-taekwondo\\chatbot-laravel-api-ia-rag\\vendor\\laravel\\framework\\src\\Illuminate\\Database\\Connection.php(705): Illuminate\\Database\\Connection->Illuminate\\Database\\{closure}('PRAGMA foreign_...', Array)
#8 C:\\Users\\Nicolás Abarca\\Desktop\\asistente-ia-taekwondo\\chatbot-laravel-api-ia-rag\\vendor\\laravel\\framework\\src\\Illuminate\\Database\\Connection.php(672): Illuminate\\Database\\Connection->runQueryCallback('PRAGMA foreign_...', Array, Object(Closure))
#9 C:\\Users\\Nicolás Abarca\\Desktop\\asistente-ia-taekwondo\\chatbot-laravel-api-ia-rag\\vendor\\laravel\\framework\\src\\Illuminate\\Database\\Connection.php(502): Illuminate\\Database\\Connection->run('PRAGMA foreign_...', Array, Object(Closure))
#10 C:\\Users\\Nicolás Abarca\\Desktop\\asistente-ia-taekwondo\\chatbot-laravel-api-ia-rag\\vendor\\laravel\\framework\\src\\Illuminate\\Database\\Schema\\Builder.php(340): Illuminate\\Database\\Connection->statement('PRAGMA foreign_...')
#11 C:\\Users\\Nicolás Abarca\\Desktop\\asistente-ia-taekwondo\\chatbot-laravel-api-ia-rag\\vendor\\laravel\\framework\\src\\Illuminate\\Database\\SQLiteConnection.php(37): Illuminate\\Database\\Schema\\Builder->enableForeignKeyConstraints()
#12 C:\\Users\\Nicolás Abarca\\Desktop\\asistente-ia-taekwondo\\chatbot-laravel-api-ia-rag\\vendor\\laravel\\framework\\src\\Illuminate\\Database\\Connectors\\ConnectionFactory.php(282): Illuminate\\Database\\SQLiteConnection->__construct(Object(Closure), '', '', Array)
#13 C:\\Users\\Nicolás Abarca\\Desktop\\asistente-ia-taekwondo\\chatbot-laravel-api-ia-rag\\vendor\\laravel\\framework\\src\\Illuminate\\Database\\Connectors\\ConnectionFactory.php(76): Illuminate\\Database\\Connectors\\ConnectionFactory->createConnection('sqlite', Object(Closure), '', '', Array)
#14 C:\\Users\\Nicolás Abarca\\Desktop\\asistente-ia-taekwondo\\chatbot-laravel-api-ia-rag\\vendor\\laravel\\framework\\src\\Illuminate\\Database\\Connectors\\ConnectionFactory.php(50): Illuminate\\Database\\Connectors\\ConnectionFactory->createSingleConnection(Array)
#15 C:\\Users\\Nicolás Abarca\\Desktop\\asistente-ia-taekwondo\\chatbot-laravel-api-ia-rag\\vendor\\laravel\\framework\\src\\Illuminate\\Database\\DatabaseManager.php(140): Illuminate\\Database\\Connectors\\ConnectionFactory->make(Array, 'sqlite')
#16 C:\\Users\\Nicolás Abarca\\Desktop\\asistente-ia-taekwondo\\chatbot-laravel-api-ia-rag\\vendor\\laravel\\framework\\src\\Illuminate\\Database\\DatabaseManager.php(95): Illuminate\\Database\\DatabaseManager->makeConnection('sqlite')
#17 C:\\Users\\Nicolás Abarca\\Desktop\\asistente-ia-taekwondo\\chatbot-laravel-api-ia-rag\\vendor\\laravel\\framework\\src\\Illuminate\\Database\\Migrations\\DatabaseMigrationRepository.php(211): Illuminate\\Database\\DatabaseManager->connection('sqlite')
#18 C:\\Users\\Nicolás Abarca\\Desktop\\asistente-ia-taekwondo\\chatbot-laravel-api-ia-rag\\vendor\\laravel\\framework\\src\\Illuminate\\Database\\Migrations\\DatabaseMigrationRepository.php(167): Illuminate\\Database\\Migrations\\DatabaseMigrationRepository->getConnection()
#19 C:\\Users\\Nicolás Abarca\\Desktop\\asistente-ia-taekwondo\\chatbot-laravel-api-ia-rag\\vendor\\laravel\\framework\\src\\Illuminate\\Database\\Migrations\\Migrator.php(673): Illuminate\\Database\\Migrations\\DatabaseMigrationRepository->repositoryExists()
#20 C:\\Users\\Nicolás Abarca\\Desktop\\asistente-ia-taekwondo\\chatbot-laravel-api-ia-rag\\vendor\\laravel\\framework\\src\\Illuminate\\Database\\Console\\Migrations\\MigrateCommand.php(110): Illuminate\\Database\\Migrations\\Migrator->repositoryExists()
#21 C:\\Users\\Nicolás Abarca\\Desktop\\asistente-ia-taekwondo\\chatbot-laravel-api-ia-rag\\vendor\\laravel\\framework\\src\\Illuminate\\Database\\Console\\Migrations\\MigrateCommand.php(78): Illuminate\\Database\\Console\\Migrations\\MigrateCommand->prepareDatabase()
#22 C:\\Users\\Nicolás Abarca\\Desktop\\asistente-ia-taekwondo\\chatbot-laravel-api-ia-rag\\vendor\\laravel\\framework\\src\\Illuminate\\Database\\Migrations\\Migrator.php(606): Illuminate\\Database\\Console\\Migrations\\MigrateCommand->Illuminate\\Database\\Console\\Migrations\\{closure}()
#23 C:\\Users\\Nicolás Abarca\\Desktop\\asistente-ia-taekwondo\\chatbot-laravel-api-ia-rag\\vendor\\laravel\\framework\\src\\Illuminate\\Database\\Console\\Migrations\\MigrateCommand.php(98): Illuminate\\Database\\Migrations\\Migrator->usingConnection(NULL, Object(Closure))
#24 C:\\Users\\Nicolás Abarca\\Desktop\\asistente-ia-taekwondo\\chatbot-laravel-api-ia-rag\\vendor\\laravel\\framework\\src\\Illuminate\\Container\\BoundMethod.php(36): Illuminate\\Database\\Console\\Migrations\\MigrateCommand->handle()
#25 C:\\Users\\Nicolás Abarca\\Desktop\\asistente-ia-taekwondo\\chatbot-laravel-api-ia-rag\\vendor\\laravel\\framework\\src\\Illuminate\\Container\\Util.php(40): Illuminate\\Container\\BoundMethod::Illuminate\\Container\\{closure}()
#26 C:\\Users\\Nicolás Abarca\\Desktop\\asistente-ia-taekwondo\\chatbot-laravel-api-ia-rag\\vendor\\laravel\\framework\\src\\Illuminate\\Container\\BoundMethod.php(93): Illuminate\\Container\\Util::unwrapIfClosure(Object(Closure))
#27 C:\\Users\\Nicolás Abarca\\Desktop\\asistente-ia-taekwondo\\chatbot-laravel-api-ia-rag\\vendor\\laravel\\framework\\src\\Illuminate\\Container\\BoundMethod.php(37): Illuminate\\Container\\BoundMethod::callBoundMethod(Object(Illuminate\\Foundation\\Application), Array, Object(Closure))
#28 C:\\Users\\Nicolás Abarca\\Desktop\\asistente-ia-taekwondo\\chatbot-laravel-api-ia-rag\\vendor\\laravel\\framework\\src\\Illuminate\\Container\\Container.php(653): Illuminate\\Container\\BoundMethod::call(Object(Illuminate\\Foundation\\Application), Array, Array, NULL)
#29 C:\\Users\\Nicolás Abarca\\Desktop\\asistente-ia-taekwondo\\chatbot-laravel-api-ia-rag\\vendor\\laravel\\framework\\src\\Illuminate\\Console\\Command.php(136): Illuminate\\Container\\Container->call(Array)
#30 C:\\Users\\Nicolás Abarca\\Desktop\\asistente-ia-taekwondo\\chatbot-laravel-api-ia-rag\\vendor\\symfony\\console\\Command\\Command.php(298): Illuminate\\Console\\Command->execute(Object(Symfony\\Component\\Console\\Input\\ArgvInput), Object(Illuminate\\Console\\OutputStyle))
#31 C:\\Users\\Nicolás Abarca\\Desktop\\asistente-ia-taekwondo\\chatbot-laravel-api-ia-rag\\vendor\\laravel\\framework\\src\\Illuminate\\Console\\Command.php(121): Symfony\\Component\\Console\\Command\\Command->run(Object(Symfony\\Component\\Console\\Input\\ArgvInput), Object(Illuminate\\Console\\OutputStyle))
#32 C:\\Users\\Nicolás Abarca\\Desktop\\asistente-ia-taekwondo\\chatbot-laravel-api-ia-rag\\vendor\\symfony\\console\\Application.php(1040): Illuminate\\Console\\Command->run(Object(Symfony\\Component\\Console\\Input\\ArgvInput), Object(Symfony\\Component\\Console\\Output\\ConsoleOutput))
#33 C:\\Users\\Nicolás Abarca\\Desktop\\asistente-ia-taekwondo\\chatbot-laravel-api-ia-rag\\vendor\\symfony\\console\\Application.php(301): Symfony\\Component\\Console\\Application->doRunCommand(Object(Illuminate\\Database\\Console\\Migrations\\MigrateCommand), Object(Symfony\\Component\\Console\\Input\\ArgvInput), Object(Symfony\\Component\\Console\\Output\\ConsoleOutput))
#34 C:\\Users\\Nicolás Abarca\\Desktop\\asistente-ia-taekwondo\\chatbot-laravel-api-ia-rag\\vendor\\symfony\\console\\Application.php(171): Symfony\\Component\\Console\\Application->doRun(Object(Symfony\\Component\\Console\\Input\\ArgvInput), Object(Symfony\\Component\\Console\\Output\\ConsoleOutput))
#35 C:\\Users\\Nicolás Abarca\\Desktop\\asistente-ia-taekwondo\\chatbot-laravel-api-ia-rag\\vendor\\laravel\\framework\\src\\Illuminate\\Console\\Application.php(94): Symfony\\Component\\Console\\Application->run(Object(Symfony\\Component\\Console\\Input\\ArgvInput), Object(Symfony\\Component\\Console\\Output\\ConsoleOutput))
#36 C:\\Users\\Nicolás Abarca\\Desktop\\asistente-ia-taekwondo\\chatbot-laravel-api-ia-rag\\vendor\\laravel\\framework\\src\\Illuminate\\Foundation\\Console\\Kernel.php(129): Illuminate\\Console\\Application->run(Object(Symfony\\Component\\Console\\Input\\ArgvInput), Object(Symfony\\Component\\Console\\Output\\ConsoleOutput))
#37 C:\\Users\\Nicolás Abarca\\Desktop\\asistente-ia-taekwondo\\chatbot-laravel-api-ia-rag\\artisan(37): Illuminate\\Foundation\\Console\\Kernel->handle(Object(Symfony\\Component\\Console\\Input\\ArgvInput), Object(Symfony\\Component\\Console\\Output\\ConsoleOutput))
#38 {main}
"} 
